test batch-entry-leaf tests/inline/test_batch_retention_leaf.tl:4
ok batch-entry-leaf
TypeLisp tests: 1 passed; 0 failed; 0 ignored; 0 slow-skipped; 1 total
test batch-entry-leaf tests/inline/test_batch_retention_leaf.tl:4
ok batch-entry-leaf
TypeLisp tests: 1 passed; 0 failed; 0 ignored; 0 slow-skipped; 1 total
test batch-entry-leaf tests/inline/test_batch_retention_leaf.tl:4
ok batch-entry-leaf
TypeLisp tests: 1 passed; 0 failed; 0 ignored; 0 slow-skipped; 1 total
test batch-entry-leaf tests/inline/test_batch_retention_leaf.tl:4
ok batch-entry-leaf
TypeLisp tests: 1 passed; 0 failed; 0 ignored; 0 slow-skipped; 1 total
test batch-entry-leaf tests/inline/test_batch_retention_leaf.tl:4
ok batch-entry-leaf
TypeLisp tests: 1 passed; 0 failed; 0 ignored; 0 slow-skipped; 1 total
test batch-entry-leaf tests/inline/test_batch_retention_leaf.tl:4
ok batch-entry-leaf
TypeLisp tests: 1 passed; 0 failed; 0 ignored; 0 slow-skipped; 1 total
test batch-entry-leaf tests/inline/test_batch_retention_leaf.tl:4
ok batch-entry-leaf
TypeLisp tests: 1 passed; 0 failed; 0 ignored; 0 slow-skipped; 1 total
test batch-entry-leaf tests/inline/test_batch_retention_leaf.tl:4
ok batch-entry-leaf
TypeLisp tests: 1 passed; 0 failed; 0 ignored; 0 slow-skipped; 1 total
test batch-entry-leaf tests/inline/test_batch_retention_leaf.tl:4
ok batch-entry-leaf
TypeLisp tests: 1 passed; 0 failed; 0 ignored; 0 slow-skipped; 1 total
test batch-entry-leaf tests/inline/test_batch_retention_leaf.tl:4
ok batch-entry-leaf
TypeLisp tests: 1 passed; 0 failed; 0 ignored; 0 slow-skipped; 1 total
test batch-entry-leaf tests/inline/test_batch_retention_leaf.tl:4
ok batch-entry-leaf
TypeLisp tests: 1 passed; 0 failed; 0 ignored; 0 slow-skipped; 1 total
test batch-entry-leaf tests/inline/test_batch_retention_leaf.tl:4
ok batch-entry-leaf
TypeLisp tests: 1 passed; 0 failed; 0 ignored; 0 slow-skipped; 1 total
