TypeLisp test file: tests/inline/test_batch_retention_leaf.tl (1 test(s))
TypeLisp test file: tests/inline/test_batch_retention_leaf.tl (1 test(s))
TypeLisp test file: tests/inline/test_batch_retention_leaf.tl (1 test(s))
TypeLisp test file: tests/inline/test_batch_retention_leaf.tl (1 test(s))
TypeLisp test file: tests/inline/test_batch_retention_leaf.tl (1 test(s))
TypeLisp test file: tests/inline/test_batch_retention_leaf.tl (1 test(s))
TypeLisp test file: tests/inline/test_batch_retention_leaf.tl (1 test(s))
TypeLisp test file: tests/inline/test_batch_retention_leaf.tl (1 test(s))
TypeLisp test file: tests/inline/test_batch_retention_leaf.tl (1 test(s))
TypeLisp test file: tests/inline/test_batch_retention_leaf.tl (1 test(s))
TypeLisp test file: tests/inline/test_batch_retention_leaf.tl (1 test(s))
TypeLisp test file: tests/inline/test_batch_retention_leaf.tl (1 test(s))
